// Jest Snapshot v1, https://goo.gl/fbAQLP

exports[`creating snapshot 1`] = `
<div>
  <h3>
    TODO
  </h3>
  <form
    onSubmit={[Function]}
  >
    <label
      htmlFor="new-todo"
    >
      What needs to be done?
    </label>
    <input
      id="new-todo"
      onChange={[Function]}
      value=""
    />
    <button>
      Add #
      1
    </button>
  </form>
  <div>
    <ul />
  </div>
</div>
`;
